umount: /dev/loop0: not mounted.
10000+0 records in
10000+0 records out
5120000 bytes (5.1 MB, 4.9 MiB) copied, 0.0100206 s, 511 MB/s
sfdisk: --Linux option is unnecessary and deprecated
Checking that no-one is using this disk right now ... OK

Disk /dev/loop0: 2.1 GiB, 2251292672 bytes, 4397056 sectors
Units: sectors of 1 * 512 = 512 bytes
Sector size (logical/physical): 512 bytes / 512 bytes
I/O size (minimum/optimal): 512 bytes / 512 bytes

>>> Created a new DOS disklabel with disk identifier 0xd42d30f9.
/dev/loop0p1: Created a new partition 1 of type 'Linux' and of size 2.1 GiB.
/dev/loop0p2: Done.

New situation:
Disklabel type: dos
Disk identifier: 0xd42d30f9

Device       Boot Start     End Sectors  Size Id Type
/dev/loop0p1          1 4397055 4397055  2.1G 83 Linux

The partition table has been altered.
Calling ioctl() to re-read partition table.
Re-reading the partition table failed.: Invalid argument
The kernel still uses the old table. The new table will be used at the next reboot or after you run partprobe(8) or kpartx(8).
Syncing disks.
854+0 records in
854+0 records out
437248 bytes (437 kB, 427 KiB) copied, 0.00103356 s, 423 MB/s
mke2fs 1.44.1 (24-Mar-2018)
The file /dev/loop01 does not exist and no size was specified.
